// Jest Snapshot v1, https://goo.gl/fbAQLP

exports[`Navbar test snapshot 1`] = `
<nav

  className="w-full bg-cyan-50 shadow font-poppins"
>
  <div
    className="justify-between px-4 mx-auto  md:items-center md:flex md:px-8"
  >
    <div>
      <div
        className="flex items-center  py-3 md:py-5 md:block"
      >
        <div
          className="flex flex-row "
        >
          <img
            alt="Logo"
            src="Logo.svg"
          />
          <a
            href="Logo"
          >
            <h2
              className="text-3xl text-bold m-4 ml-3 font-medium"
            >
              Healing
            </h2>
          </a>
        </div>
        <div
          className="md:hidden"
        >
          <button
            className="p-2 text-gray-700 rounded-md outline-none focus:border-gray-400 focus:border"
            onClick={[Function]}
            type="button"
          >
            <svg
              className="w-6 h-6 "
              fill="none"
              stroke="currentColor"
              strokeWidth={2}
              viewBox="0 0 24 24"
            >
              <path
                d="M4 6h16M4 12h16M4 18h16"
                strokeLinecap="round"
                strokeLinejoin="round"
              />
            </svg>
          </button>
        </div>
      </div>
    </div>
    <div>
      <div
        className="flex-1 justify-self-center pb-3 mt-8 md:block md:pb-0 md:mt-0 hidden"
      >
        <div
          className="mt-3 space-y-2 lg:hidden md:hidden "
        >
          <div
            className="flex flex-col  items-center  text-xl "
          >
            <a
              className=" hover:text-indigo-200 pb-1 "
              href="Home"
            >
              Home
            </a>
            <a
              className=" hover:text-indigo-200 p-2"
              href="Blog"
            >
              Blog
            </a>
            <a
              className=" hover:text-indigo-200 p-2"
              href="Home"
            >
              About
            </a>
            <a
              className=" hover:text-indigo-200 p-2"
              href="Blog"
            >
              Contact Us
            </a>
            <a
              className="flex justify-center w-1/3  px-4 py-2 text-center rounded-md shadowtransition-all duration-250 bg-cyan-400 hover:bg-cyan-500 text-xl"
              href="Log In"
            >
              Log In
            </a>
          </div>
        </div>
      </div>
    </div>
    <div
      className="hidden space-x-2 md:inline-block"
    >
      <ul
        className="items-center justify-center space-y-8 md:flex md:space-x-6 md:space-y-0"
      >
        <li
          className=" hover:text-indigo-200"
        >
          <a
            href="Home"

          >
            Home
          </a>
        </li>
        <li

          className=" hover:text-indigo-200"
        >
          <a
            href="Blog"
          >
            Blog
          </a>
        </li>
        <li
          className=" hover:text-indigo-200 cursor-pointer"
        >
          <select
            className=" p-2.5 bg-cyan-50 cursor-pointer"
          >
            <option>
              <a
                href="About"

              >
                About
              </a>
            </option>
            <option>

              <a
                href="Team"
              >
                Team
              </a>
            </option>
            <option>
              <a
                href="Carees"
              >
                Carees

              </a>
            </option>
          </select>
        </li>
        <li

          className=" hover:text-indigo-200"
        >
          <a
            href="Contact"
          >
            Contact US
          </a>
        </li>
        <a
          className="px-4 py-2 rounded-md shadow transition-all duration-250 bg-cyan-400 hover:bg-cyan-500"
          href="Log In"
        >
          Log in
        </a>

      </ul>
    </div>
  </div>
</nav>
`;
