// Jest Snapshot v1, https://goo.gl/fbAQLP

exports[`Footer snapshot test 1`] = `
<footer
  className=" bg-Footer fixed bottom-0 w-full p-4 md:flex md:items-center md:justify-between md:p-6 "
>
  <span
    className=" ml-12 text-sm"
  >
    <div
      className="flex-col gap-3 w-[500px] h-[78px] mb-4"
    >
      <h1
        className="text-BlackTexts text-4xl font-medium h-[44px]"
      >
        Subscribe
      </h1>
      <p
        className="text-SubTexts mb-4 
 w-auto h-[22px] top-[56px] mt-2
 font-normal md:text-xl sm:text-sm leading-5"
      >
        Weâ€™ll never spam to you or share your email
      </p>
    </div>
    <div
      className="md:flex"
    >
      <div
        className="flex flex-wrap mb-4 w-[300px] h-[50px] box-border rounded-md border-2 border-[#718096]"
      >
        <input
          className=" w-3/4 h-auto rounded-l-lg text-SubTexts font-normal "
          placeholder="  Enter your e-mail"
          type="email"
        />
        <button
          className="bg-Buttons rounded-r-lg w-1/4 h-auto"
          type="button"
        >
          <img
            alt="Arrow"
            className="w-[24px] h-[24px] top-[18px] left-[310px] items-center mx-auto"
            src="SubscribeArrow.svg"
          />
        </button>
      </div>
    </div>
  </span>
  <div
    className="flex flex-col items-center sm:mr-12
 text-SubTexts font-normal text-xl leading-5 tracking-[0.075px]"
  >
    <ul
      className="flex p-4 items-center sm:text-center mt-3 sm:mt-0 md:space-x-6"
    >
      <li>
        <a
          className="mr-4 hover:underline md:mr-6 "
          href="Home"
        >
          Home
        </a>
      </li>
      <li>
        <a
          className="mr-4 hover:underline md:mr-6"
          href="Blogs"
        >
          Blogs
        </a>
      </li>
      <li>
        <a
          className="mr-4 hover:underline md:mr-6"
          href="About"
        >
          About
        </a>
      </li>
      <li>
        <a
          className="mr-4 hover:underline md:mr-6"
          href="Contact"
        >
          Contact
        </a>
      </li>
    </ul>
    <div
      className="flex flex-row w-[200px] h-[78px] 
 justify-center items-center mx-auto space-x-4"
    >
      <img
        alt="image3"
        className="cursor-pointer box-content px-2 py-2 rounded-lg hover:shadow-inner"
        src="TwitterLogo.svg"
      />
      <img
        alt="image1"
        className="cursor-pointer box-content px-2 py-2 rounded-lg hover:shadow-inner"
        src="FacebookLogo.svg"
      />
      <img
        alt="image2"
        className="cursor-pointer box-content px-2 py-2 rounded-lg hover:shadow-inner"
        src="GoogleLogo.svg"
      />
    </div>
  </div>
</footer>
`;
